Resource Usage Report for MPFS_ICICLE_KIT_BASE_DESIGN 

Mapping to part: mpfs250tfcg1152std
Cell usage:
AND2            2 uses
AND3            1 use
AND4            2 uses
CLKINT          13 uses
ICB_CLKDIV      1 use
ICB_NGMUX       1 use
INIT            1 use
INV             12 uses
MSS             1 use
OR2             11 uses
OR3             1 use
OR4             64 uses
OSC_RC160MHZ    1 use
PCIE            1 use
PCIE_COMMON     1 use
PLL             1 use
TX_PLL          1 use
XCVR_APB_LINK   1 use
XCVR_PIPE_AXI0  2 uses
XCVR_PIPE_AXI1  2 uses
XCVR_REF_CLK    1 use
CFG1           103 uses
CFG2           1951 uses
CFG3           4565 uses
CFG4           4718 uses

Carry cells:
ARI1            1633 uses - used for arithmetic functions
ARI1            300 uses - used for Wide-Mux implementation
Total ARI1      1933 uses


Sequential Cells: 
SLE            10080 uses

DSP Blocks:    0 of 784 (0%)

I/O ports: 188
I/O primitives: 160
BIBUF          73 uses
BIBUF_DIFF     4 uses
INBUF          21 uses
INBUF_DIFF     3 uses
OUTBUF         56 uses
OUTBUF_DIFF    3 uses


Global Clock Buffers: 13

Total LUTs:    13270

Extra resources required for RAM and MACC_PA interface logic during P&R:

RAM64X12 Interface Logic : SLEs = 852; LUTs = 852;
RAM1K20  Interface Logic : SLEs = 900; LUTs = 900;
MACC_PA     Interface Logic : SLEs = 0; LUTs = 0;
MACC_PA_BC_ROM     Interface Logic : SLEs = 0; LUTs = 0;

Total number of SLEs after P&R:  10080 + 852 + 900 + 0 = 11832;
Total number of LUTs after P&R:  13270 + 852 + 900 + 0 = 15022;

