Resource Usage Report for MPFS_ICICLE_KIT_BASE_DESIGN 

Mapping to part: mpfs250tfcg1152std
Cell usage:
AND2            2 uses
AND3            1 use
AND4            2 uses
CLKINT          13 uses
ICB_CLKDIV      1 use
ICB_NGMUX       1 use
INIT            1 use
INV             8 uses
MSS             1 use
OR2             6 uses
OR3             1 use
OR4             64 uses
OSC_RC160MHZ    1 use
PCIE            1 use
PCIE_COMMON     1 use
PLL             1 use
TX_PLL          1 use
XCVR_APB_LINK   1 use
XCVR_PIPE_AXI0  2 uses
XCVR_PIPE_AXI1  2 uses
XCVR_REF_CLK    1 use
CFG1           94 uses
CFG2           1917 uses
CFG3           4522 uses
CFG4           4631 uses

Carry cells:
ARI1            1568 uses - used for arithmetic functions
ARI1            281 uses - used for Wide-Mux implementation
Total ARI1      1849 uses


Sequential Cells: 
SLE            9886 uses

DSP Blocks:    0 of 784 (0%)

I/O ports: 186
I/O primitives: 158
BIBUF          73 uses
BIBUF_DIFF     4 uses
INBUF          20 uses
INBUF_DIFF     3 uses
OUTBUF         55 uses
OUTBUF_DIFF    3 uses


Global Clock Buffers: 13

Total LUTs:    13013

Extra resources required for RAM and MACC_PA interface logic during P&R:

RAM64X12 Interface Logic : SLEs = 852; LUTs = 852;
RAM1K20  Interface Logic : SLEs = 828; LUTs = 828;
MACC_PA     Interface Logic : SLEs = 0; LUTs = 0;
MACC_PA_BC_ROM     Interface Logic : SLEs = 0; LUTs = 0;

Total number of SLEs after P&R:  9886 + 852 + 828 + 0 = 11566;
Total number of LUTs after P&R:  13013 + 852 + 828 + 0 = 14693;

