Resource Usage Report for MPFS_ICICLE_KIT_BASE_DESIGN 

Mapping to part: mpfs250tfcg1152std
Cell usage:
AND2            2 uses
AND3            1 use
AND4            2 uses
CLKINT          13 uses
ICB_CLKDIV      1 use
ICB_NGMUX       1 use
INIT            1 use
INV             40 uses
MSS             1 use
OR2             6 uses
OR3             25 uses
OR4             64 uses
OSC_RC160MHZ    1 use
PCIE            1 use
PCIE_COMMON     1 use
PLL             1 use
TX_PLL          1 use
XCVR_APB_LINK   1 use
XCVR_PIPE_AXI0  2 uses
XCVR_PIPE_AXI1  2 uses
XCVR_REF_CLK    1 use
CFG1           165 uses
CFG2           2324 uses
CFG3           4908 uses
CFG4           5218 uses

Carry cells:
ARI1            2089 uses - used for arithmetic functions
ARI1            407 uses - used for Wide-Mux implementation
Total ARI1      2496 uses


Sequential Cells: 
SLE            11445 uses

DSP Blocks:    0 of 784 (0%)

I/O ports: 186
I/O primitives: 158
BIBUF          73 uses
BIBUF_DIFF     4 uses
INBUF          20 uses
INBUF_DIFF     3 uses
OUTBUF         55 uses
OUTBUF_DIFF    3 uses


Global Clock Buffers: 13

Total LUTs:    15111

Extra resources required for RAM and MACC_PA interface logic during P&R:

RAM64X12 Interface Logic : SLEs = 852; LUTs = 852;
RAM1K20  Interface Logic : SLEs = 1404; LUTs = 1404;
MACC_PA     Interface Logic : SLEs = 0; LUTs = 0;
MACC_PA_BC_ROM     Interface Logic : SLEs = 0; LUTs = 0;

Total number of SLEs after P&R:  11445 + 852 + 1404 + 0 = 13701;
Total number of LUTs after P&R:  15111 + 852 + 1404 + 0 = 17367;

