
Copyright (C) 1994-2023 Synopsys, Inc.
This Synopsys software and all associated documentation are proprietary to Synopsys, Inc.
and may only be used pursuant to the terms and conditions of a written license agreement
with Synopsys, Inc. All other use, reproduction, modification, or distribution of the
Synopsys software or the associated documentation is strictly prohibited.
Tool: Synplify Pro (R)
Build: V-2023.09M-5
Install: C:\Microchip\Libero_SoC_2025.1\Libero_SoC\Synplify_Pro
OS: Windows 10 or later
Hostname: DESKTOP-693NB92

Implementation : synthesis

# Written on Wed Jan 14 14:55:25 2026

##### FILES SYNTAX CHECKED ##############################################
Constraint File(s):      "D:\PION101\icicle-kit-reference-design\MPFS_ICICLE_ES\designer\MPFS_ICICLE_KIT_BASE_DESIGN\synthesis.fdc"

#Run constraint checker to find more issues with constraints.
#########################################################################



No issues found in constraint syntax.



Clock Summary
*************

          Start                                                                           Requested     Requested     Clock                              Clock                Clock
Level     Clock                                                                           Frequency     Period        Type                               Group                Load 
-----------------------------------------------------------------------------------------------------------------------------------------------------------------------------------
0 -       REF_CLK_50MHz                                                                   50.0 MHz      20.000        declared                           default_clkgroup     1    
1 .         CLOCKS_AND_RESETS_inst_0/CCC_FIC_x_CLK/PF_CCC_C0_0/pll_inst_0/OUT0            125.0 MHz     8.000         generated (from REF_CLK_50MHz)     FIC0_clks            8340 
1 .         CLOCKS_AND_RESETS_inst_0/CCC_FIC_x_CLK/PF_CCC_C0_0/pll_inst_0/OUT1            125.0 MHz     8.000         generated (from REF_CLK_50MHz)     FIC1_clks            2328 
1 .         CLOCKS_AND_RESETS_inst_0/CCC_FIC_x_CLK/PF_CCC_C0_0/pll_inst_0/OUT3            50.0 MHz      20.000        generated (from REF_CLK_50MHz)     FIC3_clks            1217 
1 .         CLOCKS_AND_RESETS_inst_0/CCC_FIC_x_CLK/PF_CCC_C0_0/pll_inst_0/OUT2            125.0 MHz     8.000         generated (from REF_CLK_50MHz)     FIC2_clks            1    
                                                                                                                                                                                   
0 -       osc_rc160mhz                                                                    170.4 MHz     5.869         declared                           default_clkgroup     1    
1 .         CLOCKS_AND_RESETS_inst_0/CLK_160MHz_to_CLK_80MHz/CLK_DIV_0/I_CD/Y_DIV         85.2 MHz      11.737        generated (from osc_rc160mhz)      default_clkgroup     0    
                                                                                                                                                                                   
0 -       CLOCKS_AND_RESETS_inst_0/TRANSMIT_PLL_0/TRANSMIT_PLL_0/txpll_isnt_0/DIV_CLK     125.0 MHz     8.000         declared                           default_clkgroup     0    
                                                                                                                                                                                   
0 -       REF_CLK_PAD_P                                                                   100.0 MHz     10.000        declared                           default_clkgroup     0    
                                                                                                                                                                                   
0 -       System                                                                          100.0 MHz     10.000        system                             system_clkgroup      0    
===================================================================================================================================================================================


Clock Load Summary
******************

                                                                                Clock     Source                                                                                                Clock Pin                                                                   Non-clock Pin                                                              Non-clock Pin                                                                          
Clock                                                                           Load      Pin                                                                                                   Seq Example                                                                 Seq Example                                                                Comb Example                                                                           
----------------------------------------------------------------------------------------------------------------------------------------------------------------------------------------------------------------------------------------------------------------------------------------------------------------------------------------------------------------------------------------------------------------------------------------------
REF_CLK_50MHz                                                                   1         REF_CLK_50MHz(port)                                                                                   CLOCKS_AND_RESETS_inst_0.CCC_FIC_x_CLK.PF_CCC_C0_0.pll_inst_0.REF_CLK_0     -                                                                          CLOCKS_AND_RESETS_inst_0.CLKINT_REF_CLK_50MHz.I(BUFG)                                  
CLOCKS_AND_RESETS_inst_0/CCC_FIC_x_CLK/PF_CCC_C0_0/pll_inst_0/OUT0              8340      CLOCKS_AND_RESETS_inst_0.CCC_FIC_x_CLK.PF_CCC_C0_0.pll_inst_0.OUT0(PLL)                               MSS_WRAPPER_1.ICICLE_MSS_inst_0.I_MSS.FIC_0_ACLK                            -                                                                          CLOCKS_AND_RESETS_inst_0.CCC_FIC_x_CLK.PF_CCC_C0_0.clkint_0.I(BUFG)                    
CLOCKS_AND_RESETS_inst_0/CCC_FIC_x_CLK/PF_CCC_C0_0/pll_inst_0/OUT1              2328      CLOCKS_AND_RESETS_inst_0.CCC_FIC_x_CLK.PF_CCC_C0_0.pll_inst_0.OUT1(PLL)                               MSS_WRAPPER_1.ICICLE_MSS_inst_0.I_MSS.FIC_1_ACLK                            -                                                                          FIC_1_PERIPHERALS_1.PCIE.PF_PCIE_C0_0.PCIE_COMMON_INSTANCE.AXI_CLK(PCIE_COMMON)        
CLOCKS_AND_RESETS_inst_0/CCC_FIC_x_CLK/PF_CCC_C0_0/pll_inst_0/OUT3              1217      CLOCKS_AND_RESETS_inst_0.CCC_FIC_x_CLK.PF_CCC_C0_0.pll_inst_0.OUT3(PLL)                               MSS_WRAPPER_1.ICICLE_MSS_inst_0.I_MSS.FIC_3_PCLK                            -                                                                          CLOCKS_AND_RESETS_inst_0.CCC_FIC_x_CLK.PF_CCC_C0_0.clkint_12.I(BUFG)                   
CLOCKS_AND_RESETS_inst_0/CCC_FIC_x_CLK/PF_CCC_C0_0/pll_inst_0/OUT2              1         CLOCKS_AND_RESETS_inst_0.CCC_FIC_x_CLK.PF_CCC_C0_0.pll_inst_0.OUT2(PLL)                               MSS_WRAPPER_1.ICICLE_MSS_inst_0.I_MSS.FIC_2_ACLK                            -                                                                          CLOCKS_AND_RESETS_inst_0.CCC_FIC_x_CLK.PF_CCC_C0_0.clkint_8.I(BUFG)                    
                                                                                                                                                                                                                                                                                                                                                                                                                                              
osc_rc160mhz                                                                    1         CLOCKS_AND_RESETS_inst_0.OSCILLATOR_160MHz_inst_0.OSCILLATOR_160MHz_0.I_OSC_160.CLK(OSC_RC160MHZ)     CLOCKS_AND_RESETS_inst_0.CLK_160MHz_to_CLK_80MHz.CLK_DIV_0.I_CD.A           -                                                                          -                                                                                      
CLOCKS_AND_RESETS_inst_0/CLK_160MHz_to_CLK_80MHz/CLK_DIV_0/I_CD/Y_DIV           0         CLOCKS_AND_RESETS_inst_0.CLK_160MHz_to_CLK_80MHz.CLK_DIV_0.I_CD.Y_DIV(ICB_CLKDIV)                     -                                                                           FIC_1_PERIPHERALS_1.PCIE.PF_PCIE_C0_0.PCIE_1.TL_CLK                        CLOCKS_AND_RESETS_inst_0.GLITCHLESS_MUX_inst_0.GLITCHLESS_MUX_0.I_NGMUX.CLK0(ICB_NGMUX)
                                                                                                                                                                                                                                                                                                                                                                                                                                              
CLOCKS_AND_RESETS_inst_0/TRANSMIT_PLL_0/TRANSMIT_PLL_0/txpll_isnt_0/DIV_CLK     0         CLOCKS_AND_RESETS_inst_0.TRANSMIT_PLL_0.TRANSMIT_PLL_0.txpll_isnt_0.DIV_CLK(TX_PLL)                   -                                                                           FIC_1_PERIPHERALS_1.PCIE.PF_PCIE_C0_0.PCIE_1.TL_CLK                        CLOCKS_AND_RESETS_inst_0.GLITCHLESS_MUX_inst_0.GLITCHLESS_MUX_0.I_NGMUX.CLK1(ICB_NGMUX)
                                                                                                                                                                                                                                                                                                                                                                                                                                              
REF_CLK_PAD_P                                                                   0         REF_CLK_PAD_P(port)                                                                                   -                                                                           FIC_1_PERIPHERALS_1.PCIE.PF_PCIE_C0_0.PCIESS_LANE1_Pipe_AXI1.REF_CLK_P     CLOCKS_AND_RESETS_inst_0.PCIE_REF_CLK_0.PCIE_REF_CLK_0.I_IO.PAD_P(XCVR_REF_CLK)        
                                                                                                                                                                                                                                                                                                                                                                                                                                              
System                                                                          0         -                                                                                                     -                                                                           -                                                                          -                                                                                      
==============================================================================================================================================================================================================================================================================================================================================================================================================================================
