{
"Synplify Pro (R) Job Log" : {
	"Date" : "16:10:12    29-Oct-2025",
	"Working Directory" : "D:/PION101/icicle-kit-reference-design/MPFS_ICICLE_ES/synthesis",
	"Install" : "C:/Microchip/Libero_SoC_2025.1/Libero_SoC/Synplify_Pro"
},
"synthesis" :{
   "Job Flow" : "Sequential",
   "Start Time" : "16:06:31",
   "Runtime" : "03m:41s",
   "Executable Run Time" : "03m:40s",
   "synthesis" : {
      "Job Flow" : "Sequential",
      "Start Time" : "16:06:31",
      "Runtime" : "03m:41s",
      "Executable Run Time" : "03m:40s",
      "compile" : {
         "Job Flow" : "Sequential",
         "Start Time" : "16:06:31",
         "Runtime" : "02m:12s",
         "Executable Run Time" : "02m:11s",
         "compile_flow" : {
            "Job Flow" : "Sequential",
            "Start Time" : "16:06:31",
            "Runtime" : "01m:39s",
            "Executable Run Time" : "01m:38s",
            "compiler" : {
               "executable" : "bin64/c_hdl.exe",
               "Run Directory" : "D:/PION101/icicle-kit-reference-design/MPFS_ICICLE_ES/synthesis",
               "Run State" : "Complete",
               "Return Code" : "0",
               "Has Errors" : "no",
               "Run Start Time" : "16:06:31",
               "Run Time" : "01m:35s",
               "Exe Run Time" : "01m:34s",
               "Memory Usage" : "-",
               "Up-to-date (run skipped)" : "no"
            },
            "multi_srs_gen" : {
               "executable" : "bin64/syn_nfilter.exe",
               "Run Directory" : "D:/PION101/icicle-kit-reference-design/MPFS_ICICLE_ES/synthesis",
               "Run State" : "Complete",
               "Return Code" : "0",
               "Has Errors" : "no",
               "Run Start Time" : "16:08:06",
               "Run Time" : "04s",
               "Exe Run Time" : "04s",
               "Memory Usage" : "-",
               "Up-to-date (run skipped)" : "no"
            }
         },
         "premap" : {
            "executable" : "bin64/m_generic.exe",
            "Run Directory" : "D:/PION101/icicle-kit-reference-design/MPFS_ICICLE_ES/synthesis",
            "Run State" : "Complete",
            "Return Code" : "1",
            "Has Errors" : "no",
            "Run Start Time" : "16:08:10",
            "Run Time" : "33s",
            "Exe Run Time" : "33s",
            "Memory Usage" : "-",
            "Up-to-date (run skipped)" : "no"
         }
      },
      "map" : {
         "Job Flow" : "Sequential",
         "Start Time" : "16:08:43",
         "Runtime" : "01m:29s",
         "Executable Run Time" : "01m:29s",
         "fpga_mapper" : {
            "executable" : "bin64/m_generic.exe",
            "Run Directory" : "D:/PION101/icicle-kit-reference-design/MPFS_ICICLE_ES/synthesis",
            "Run State" : "Complete",
            "Return Code" : "1",
            "Has Errors" : "no",
            "Run Start Time" : "16:08:43",
            "Run Time" : "01m:29s",
            "Exe Run Time" : "01m:29s",
            "Memory Usage" : "-",
            "Up-to-date (run skipped)" : "no"
         }
      }
   }
}
}