********************************************************************
I/O Bank Report - Date: Wed Oct 29 15:31:38 2025
Product: Designer
Release: 2025.1
Version: 2025.1.0.14
Design Name: MPFS_ICICLE_KIT_BASE_DESIGN
Family: PolarFireSoC
Die: MPFS250T_ES
Package: FCVG484
********************************************************************


I/O Function:

    Type                                  | w/o register  | w/ register  | w/ DDR register
    --------------------------------------|---------------|--------------|----------------
    Input I/O                             | 13            | 0            | 0
    Output I/O                            | 29            | 0            | 0
    Bidirectional I/O                     | 23            | 0            | 0
    Differential Input I/O Pairs          | 0             | 0            | 0
    Differential Output I/O Pairs         | 0             | 0            | 0

I/O Technology:

                                    |   Voltages    |             I/Os              
    --------------------------------|-------|-------|-------|--------|--------------
    I/O Standard(s)                 | Vddi  | Vref  | Input | Output | Bidirectional
    --------------------------------|-------|-------|-------|--------|--------------
    LVCMOS18                        | 1.80v | N/A   | 5     | 4      | 0            
    LVCMOS33                        | 3.30v | N/A   | 8     | 25     | 23           

I/O Bank Resource Usage:

          |   Voltages    | Single I/Os  | Diff I/O Pairs |        Vref I/Os        |  Type   
          |-------|-------|------|-------|-------|--------|------|-------|----------|---------
          | Vddi  | Vref  | Used | Total | Used  | Total  | Used | Total | Vref Pins|         
    ------|-------|-------|------|-------|-------|--------|------|-------|----------|---------
    Bank0 | 1.80v | N/A   | 9    | 60    | 0     | 30     | N/A  | N/A   | N/A      | HSIO    
    Bank1 | 3.30v | N/A   | 49   | 72    | 0     | 36     | N/A  | N/A   | N/A      | GPIO    
    Bank2 | 3.30v | N/A   | 0    | 24    | 0     | 0      | N/A  | N/A   | N/A      | MSS_IO  
    Bank3 | 3.30v | N/A   | 0    | 0     | 0     | 0      | N/A  | N/A   | N/A      | JTAG    
    Bank4 | 1.80v | N/A   | 0    | 14    | 0     | 0      | N/A  | N/A   | N/A      | MSS_IO  
    Bank5 | 3.30v | N/A   | 0    | 10    | 0     | 0      | N/A  | N/A   | N/A      | MSS_SGMII_IO
    Bank6 | 1.10v | 0.55v | 0    | 88    | 0     | 0      | 0    | 88    | 0        | MSS_DDR_IO
    Bank7 | N/A   | N/A   | 0    | 0     | 0     | 0      | N/A  | N/A   | N/A      | GPIO    
    Bank8 | N/A   | N/A   | 0    | 0     | 0     | 0      | N/A  | N/A   | N/A      | HSIO    
    Bank9 | 3.30v | N/A   | 7    | 12    | 0     | 6      | N/A  | N/A   | N/A      | GPIO    


I/O Voltage Usage:

       Voltages    |     I/Os     
    -------|-------|------|-------
     Vddi  | Vref  | Used | Total 
    -------|-------|------|-------
     1.10v | N/A   | 0    | 88    
     1.80v | N/A   | 9    | 74    
     3.30v | N/A   | 56   | 118   
     1.10v | 0.55v | 0    | 88    


I/O Bank Auto Calibration:

          | Auto Calibration | Ramp Time (ms) 
    ------| ---------------- | -------------- 
    Bank0 | ON               | 50
    Bank1 | ON               | 50
    Bank2 | N/A              | N/A
    Bank3 | N/A              | N/A
    Bank4 | N/A              | N/A
    Bank5 | N/A              | N/A
    Bank6 | N/A              | N/A
    Bank7 | N/A              | N/A
    Bank8 | N/A              | N/A
    Bank9 | ON               | 50
